// Jest Snapshot v1, https://goo.gl/fbAQLP

exports[`the group item component should match snapshot test 1`] = `
<div>
  <ListItem
    autoGenerateNestedIndicator={true}
    containerElement="span"
    disableKeyboardFocus={false}
    disabled={false}
    initiallyOpen={false}
    insetChildren={false}
    nestedItems={Array []}
    nestedLevel={0}
    onKeyboardFocus={[Function]}
    onMouseEnter={[Function]}
    onMouseLeave={[Function]}
    onNestedListToggle={[Function]}
    onTouchEnd={[Function]}
    onTouchStart={[Function]}
    onTouchTap={[Function]}
    open={null}
    primaryTogglesNestedList={false}
    secondaryTextLines={1}
  >
    <strong>
      Test
       
    </strong>
  </ListItem>
</div>
`;
