// Jest Snapshot v1, https://goo.gl/fbAQLP

exports[`the message item component should match snapshot test 1`] = `
<div>
  <ListItem
    autoGenerateNestedIndicator={true}
    containerElement="span"
    disableKeyboardFocus={false}
    disabled={false}
    initiallyOpen={false}
    insetChildren={false}
    leftAvatar={
      <Avatar
        size={30}
        src=""
        style={
          Object {
            "margin": 5,
          }
        }
      />
    }
    nestedItems={Array []}
    nestedLevel={0}
    onKeyboardFocus={[Function]}
    onMouseEnter={[Function]}
    onMouseLeave={[Function]}
    onNestedListToggle={[Function]}
    onTouchEnd={[Function]}
    onTouchStart={[Function]}
    onTouchTap={[Function]}
    open={null}
    primaryTogglesNestedList={false}
    secondaryTextLines={1}
  >
    <strong>
       
      Test Message
    </strong>
    <br />
    <p>
      <small>
        test@postedby.com
         - 
      </small>
    </p>
  </ListItem>
  <Popover
    anchorOrigin={
      Object {
        "horizontal": "left",
        "vertical": "bottom",
      }
    }
    animated={true}
    autoCloseWhenOffScreen={true}
    canAutoPosition={true}
    onRequestClose={[Function]}
    open={false}
    scrollableContainer="window"
    style={
      Object {
        "overflowY": "auto",
      }
    }
    targetOrigin={
      Object {
        "horizontal": "left",
        "vertical": "top",
      }
    }
    useLayerForClickAway={true}
    zDepth={1}
  >
    <Menu
      autoWidth={true}
      desktop={false}
      disableAutoFocus={false}
      initiallyKeyboardFocused={false}
      maxHeight={null}
      multiple={false}
      onChange={[Function]}
      onEscKeyDown={[Function]}
      onItemTouchTap={[Function]}
      onKeyDown={[Function]}
    />
  </Popover>
</div>
`;
