// Jest Snapshot v1, https://goo.gl/fbAQLP

exports[`the message list component should match snapshot test 1`] = `
<div
  className="bottomMargin"
>
  <List>
    <Subheader
      inset={false}
    >
      <strong>
         Message List 
      </strong>
    </Subheader>
    <Message
      groupId="TUsUaucS5nb5kuOP6SpvTUcX9v3"
      message={
        Object {
          "messageBody": "Test message",
          "postedBy": "testUser@gmail.com",
          "postedByDisplayName": "Test User",
          "postedon": "",
          "priority": "Normal",
          "profilePic": "about:blankstatic/files/blank-profile-pic.png",
        }
      }
    />
    <Message
      groupId="TUsUaucS5nb5kuOP6SpvTUcX9v3"
      message={
        Object {
          "messageBody": "Test message",
          "postedBy": "testUser@gmail.com",
          "postedByDisplayName": "Test User",
          "postedon": "",
          "priority": "Normal",
          "profilePic": "about:blankstatic/files/blank-profile-pic.png",
        }
      }
    />
    <Message
      groupId="TUsUaucS5nb5kuOP6SpvTUcX9v3"
      message={
        Object {
          "messageBody": "Test message",
          "postedBy": "testUser@gmail.com",
          "postedByDisplayName": "Test User",
          "postedon": "",
          "priority": "Normal",
          "profilePic": "about:blankstatic/files/blank-profile-pic.png",
        }
      }
    />
  </List>
  <p
    className="error"
  />
</div>
`;
