// Jest Snapshot v1, https://goo.gl/fbAQLP

exports[`the password reset component should match snapshot test 1`] = `
<div>
  <div
    className="login-page"
  >
    <div
      className="form"
    >
      <form
        className="login-form"
      >
        <h3>
          Reset Password
        </h3>
        <input
          id="password"
          onChange={[Function]}
          placeholder="password"
          type="password"
        />
        <input
          id="confirmPassword"
          onChange={[Function]}
          placeholder="Confirm password"
          type="password"
        />
        <button
          className="button"
          onClick={[Function]}
        >
          Save
        </button>
        <br />
        <br />
      </form>
    </div>
  </div>
</div>
`;
