// Jest Snapshot v1, https://goo.gl/fbAQLP

exports[`the password reset component should match snapshot test 1`] = `
<div
  className="login-page"
>
  <div
    className="form"
  >
    <form
      className="login-form"
    >
      <h3>
        Reset Password
      </h3>
      <input
        onChange={[Function]}
        placeholder="email"
        type="text"
      />
      <p
        className="success"
      />
      <p
        className="error"
      />
      <button
        className="button"
        onClick={[Function]}
      >
        Send Email
      </button>
      <br />
      <br />
    </form>
  </div>
</div>
`;
