// Jest Snapshot v1, https://goo.gl/fbAQLP

exports[`the profile Edit component should match snapshot test 1`] = `
<div>
  <TitleBar />
  <div
    className="form"
  >
    <form
      className="login-form"
    >
      <h3
        style={
          Object {
            "marginTop": 40,
          }
        }
      >
        Profile Edit
      </h3>
      <input
        id="userName"
        onChange={[Function]}
        placeholder="username"
        type="text"
        value=""
      />
      <input
        id="phoneNumber"
        onChange={[Function]}
        placeholder="Phone number (+2348012345678)"
        type="text"
        value=""
      />
      <ImagesUploader
        borderColor="#a9bac8"
        classNames={Object {}}
        classNamespace="iu-"
        color="#142434"
        dataName="imageFiles"
        disabledBorderColor="#bec3c7"
        disabledColor="#bec3c7"
        headers={Object {}}
        label="Upload a profile picture"
        multiple={false}
        notificationBgColor="rgba(0, 0, 0, 0.3)"
        notificationColor="#fafafa"
        onLoadEnd={[Function]}
        optimisticPreviews={true}
        styles={Object {}}
        url="about:blank/profilePictures"
      />
      <p
        className="success"
      />
      <p
        className="error"
      />
      <button
        className="button"
        onClick={[Function]}
      >
        Save
      </button>
    </form>
  </div>
</div>
`;
