// Jest Snapshot v1, https://goo.gl/fbAQLP

exports[`the title bar component should match snapshot test 1`] = `
<div
  className="topnav"
>
  <AppBar
    iconElementRight={<Menu />}
    showMenuIconButton={true}
    title={
      <ListItem
        autoGenerateNestedIndicator={true}
        containerElement="span"
        disableKeyboardFocus={false}
        disabled={false}
        initiallyOpen={false}
        insetChildren={false}
        leftAvatar={
          <Avatar
            size={30}
            src=""
            style={
              Object {
                "margin": 5,
              }
            }
          />
        }
        nestedItems={Array []}
        nestedLevel={0}
        onKeyboardFocus={[Function]}
        onMouseEnter={[Function]}
        onMouseLeave={[Function]}
        onNestedListToggle={[Function]}
        onTouchEnd={[Function]}
        onTouchStart={[Function]}
        open={null}
        primaryTogglesNestedList={false}
        secondaryTextLines={1}
      >
        <strong />
      </ListItem>
    }
    zDepth={1}
  />
</div>
`;
