// Jest Snapshot v1, https://goo.gl/fbAQLP

exports[`the user item component should match snapshot test 1`] = `
<div>
  <Dialog
    actions={
      Array [
        <FlatButton
          disabled={false}
          fullWidth={false}
          label="No"
          labelPosition="after"
          labelStyle={Object {}}
          onClick={[Function]}
          onKeyboardFocus={[Function]}
          onMouseEnter={[Function]}
          onMouseLeave={[Function]}
          onTouchStart={[Function]}
          primary={true}
          secondary={false}
      />,
        <FlatButton
          disabled={false}
          fullWidth={false}
          keyboardFocused={true}
          label="Yes"
          labelPosition="after"
          labelStyle={Object {}}
          onClick={[Function]}
          onKeyboardFocus={[Function]}
          onMouseEnter={[Function]}
          onMouseLeave={[Function]}
          onTouchStart={[Function]}
          primary={true}
          secondary={false}
      />,
      ]
    }
    autoDetectWindowHeight={true}
    autoScrollBodyContent={false}
    modal={false}
    onRequestClose={[Function]}
    open={false}
    repositionOnUpdate={true}
    title="Confirmation"
  >
    Are you sure you want to add this user?
  </Dialog>
  <ListItem
    autoGenerateNestedIndicator={true}
    containerElement="span"
    disableKeyboardFocus={false}
    disabled={false}
    initiallyOpen={false}
    insetChildren={false}
    leftAvatar={
      <Avatar
        size={30}
        src="postitappnnam.herokuapp.com/static/files/blank-profile-pic.png"
        style={
          Object {
            "margin": 5,
          }
        }
      />
    }
    nestedItems={Array []}
    nestedLevel={0}
    onKeyboardFocus={[Function]}
    onMouseEnter={[Function]}
    onMouseLeave={[Function]}
    onNestedListToggle={[Function]}
    onTouchEnd={[Function]}
    onTouchStart={[Function]}
    onTouchTap={[Function]}
    open={null}
    primaryTogglesNestedList={false}
    secondaryTextLines={1}
  >
    <strong>
      nnamisco
    </strong>
  </ListItem>
</div>
`;
