// Jest Snapshot v1, https://goo.gl/fbAQLP

exports[`the User list component should match snapshot test 1`] = `
<div>
  <List>
    <Subheader
      inset={false}
    >
      <strong>
        Click to add user to group
      </strong>
    </Subheader>
    <User
      selectedGroup={
        Object {
          "groupId": "TUsUaucS5nb5kuOP6SpvTUcX9v3",
          "groupName": "Test Group",
          "newMessage": false,
        }
      }
      user={
        Object {
          "displayName": "nnamisco",
          "email": "nedemenang@gmail.com",
          "id": "TUsUaucS5nb5kuOP6SpvTUcX9vD3",
          "profilePic": "about:blankstatic/files/blank-profile-pic.png",
        }
      }
    />
    <User
      selectedGroup={
        Object {
          "groupId": "TUsUaucS5nb5kuOP6SpvTUcX9v3",
          "groupName": "Test Group",
          "newMessage": false,
        }
      }
      user={
        Object {
          "displayName": "nnamisco",
          "email": "nedemenang@gmail.com",
          "id": "TUsUaucS5nb5kuOP6SpvTUcX9vD3",
          "profilePic": "about:blankstatic/files/blank-profile-pic.png",
        }
      }
    />
  </List>
</div>
`;
